// Jest Snapshot v1, https://goo.gl/fbAQLP

exports[`MovieList render UI 1`] = `
<_default
  initialState={
    Object {
      "searchStatus": Object {
        "currentMovieList": Array [
          Object {
            "Title": "Marvel",
            "Year": "2016",
            "imdbID": "id1",
          },
          Object {
            "Title": "Spider man",
            "Year": "2016",
            "imdbID": "id2",
          },
        ],
      },
    }
  }
>
  <Provider
    store={
      Object {
        "dispatch": [Function],
        "getState": [Function],
        "replaceReducer": [Function],
        "subscribe": [Function],
        Symbol(observable): [Function],
      }
    }
  >
    <Connect(MovieList)>
      <MovieList
        fetchMovieDetail={[Function]}
        searchStatus={
          Object {
            "currentMovieList": Array [
              Object {
                "Title": "Marvel",
                "Year": "2016",
                "imdbID": "id1",
              },
              Object {
                "Title": "Spider man",
                "Year": "2016",
                "imdbID": "id2",
              },
            ],
          }
        }
      >
        <ul
          className="movieList"
        >
          <_default
            clicked={false}
            key="id1Marvel0"
            onClick={[Function]}
            title="Marvel"
            year="2016"
          >
            <li
              className=""
              onClick={[Function]}
            >
              <div>
                Marvel
              </div>
              <div
                className="align-right"
              >
                2016
              </div>
            </li>
          </_default>
          <_default
            clicked={false}
            key="id2Spider man1"
            onClick={[Function]}
            title="Spider man"
            year="2016"
          >
            <li
              className=""
              onClick={[Function]}
            >
              <div>
                Spider man
              </div>
              <div
                className="align-right"
              >
                2016
              </div>
            </li>
          </_default>
        </ul>
      </MovieList>
    </Connect(MovieList)>
  </Provider>
</_default>
`;
